[dvs] data: 9000 train / 1000 test, res 12x12, inputs 144, arch [144, 64, 10]

=== DVS ref (seed 0, init pos, lam [5.0, 50.0]) ===
[engine ref] ep 0: train 0.251 test 0.218
[engine ref] ep 5: train 0.316 test 0.211
[engine ref] ep 10: train 0.347 test 0.236
[engine ref] ep 15: train 0.362 test 0.222
[engine ref] ep 20: train 0.399 test 0.219
[engine ref] ep 25: train 0.398 test 0.223
[engine ref] ep 30: train 0.419 test 0.239
[engine ref] ep 35: train 0.441 test 0.230
[engine ref] ep 39: train 0.465 test 0.230

=== DVS stbp (seed 0, init pos, lam [5.0, 50.0]) ===
[baseline stbp] ep 0: train 0.143 test 0.143
[baseline stbp] ep 5: train 0.197 test 0.176
[baseline stbp] ep 10: train 0.210 test 0.177
[baseline stbp] ep 15: train 0.261 test 0.204
[baseline stbp] ep 20: train 0.310 test 0.230
[baseline stbp] ep 25: train 0.351 test 0.202
[baseline stbp] ep 30: train 0.365 test 0.228
[baseline stbp] ep 35: train 0.391 test 0.214
[baseline stbp] ep 39: train 0.406 test 0.214
{
  "config": {
    "epochs": 40,
    "n_train": 9000,
    "res": 12,
    "sizes": [
      144,
      64,
      10
    ],
    "grid_pts": 1001,
    "B": 128,
    "lr": 0.02,
    "w_scale": 0.4,
    "bias_val": 0.2,
    "T_stbp": 160,
    "lr_stbp": 0.01,
    "slope": 6.0,
    "beta": 3.0,
    "seed": 0,
    "init": "pos"
  },
  "dataset": "CIFAR10-DVS",
  "encoding": "abs12, tblocks=1 (ON+OFF counts)",
  "lam": [
    5.0,
    50.0
  ],
  "runs": [
    {
      "mode": "ref",
      "history": [
        {
          "epoch": 0,
          "train_acc": 0.251,
          "test_acc": 0.218
        },
        {
          "epoch": 5,
          "train_acc": 0.316,
          "test_acc": 0.211
        },
        {
          "epoch": 10,
          "train_acc": 0.347,
          "test_acc": 0.236
        },
        {
          "epoch": 15,
          "train_acc": 0.362,
          "test_acc": 0.222
        },
        {
          "epoch": 20,
          "train_acc": 0.399,
          "test_acc": 0.219
        },
        {
          "epoch": 25,
          "train_acc": 0.398,
          "test_acc": 0.223
        },
        {
          "epoch": 30,
          "train_acc": 0.419,
          "test_acc": 0.239
        },
        {
          "epoch": 35,
          "train_acc": 0.441,
          "test_acc": 0.23
        },
        {
          "epoch": 39,
          "train_acc": 0.465,
          "test_acc": 0.23
        }
      ],
      "train_seconds": 4132.709857463837,
      "test_acc": 0.23,
      "synops_per_test": 13520.15625,
      "silent_output_frac": 0.0,
      "silent_hidden_frac": 0.0,
      "config_seed": 0,
      "dvs_encoding": "abs12, tblocks=1"
    },
    {
      "mode": "stbp",
      "history": [
        {
          "epoch": 0,
          "train_acc": 0.143,
          "test_acc": 0.143
        },
        {
          "epoch": 5,
          "train_acc": 0.197,
          "test_acc": 0.176
        },
        {
          "epoch": 10,
          "train_acc": 0.21,
          "test_acc": 0.177
        },
        {
          "epoch": 15,
          "train_acc": 0.261,
          "test_acc": 0.204
        },
        {
          "epoch": 20,
          "train_acc": 0.31,
          "test_acc": 0.23
        },
        {
          "epoch": 25,
          "train_acc": 0.351,
          "test_acc": 0.202
        },
        {
          "epoch": 30,
          "train_acc": 0.365,
          "test_acc": 0.228
        },
        {
          "epoch": 35,
          "train_acc": 0.391,
          "test_acc": 0.214
        },
        {
          "epoch": 39,
          "train_acc": 0.406,
          "test_acc": 0.214
        }
      ],
      "train_seconds": 170.03898286819458,
      "test_acc": 0.214,
      "synops_per_test": 11395.46875,
      "timesteps": 160,
      "config_seed": 0,
      "dvs_encoding": "abs12, tblocks=1"
    }
  ]
}
summary:
       ref: test_acc 0.230  SynOps/test 13520  latency 1 event/neuron  68.9 min train
      stbp: test_acc 0.214  SynOps/test 11395  latency T=160  2.8 min train
