[dvs] data: 9000 train / 1000 test, res 12x12, inputs 144, arch [144, 64, 10]

=== DVS ref (seed 1, init pos, lam [5.0, 50.0]) ===
[engine ref] ep 0: train 0.234 test 0.208
[engine ref] ep 5: train 0.284 test 0.218
[engine ref] ep 10: train 0.322 test 0.213
[engine ref] ep 15: train 0.344 test 0.219
[engine ref] ep 20: train 0.373 test 0.198
[engine ref] ep 25: train 0.412 test 0.206
[engine ref] ep 30: train 0.441 test 0.221
[engine ref] ep 35: train 0.440 test 0.205
[engine ref] ep 39: train 0.470 test 0.204

=== DVS stbp (seed 1, init pos, lam [5.0, 50.0]) ===
[baseline stbp] ep 0: train 0.156 test 0.144
[baseline stbp] ep 5: train 0.197 test 0.191
[baseline stbp] ep 10: train 0.206 test 0.196
[baseline stbp] ep 15: train 0.268 test 0.246
[baseline stbp] ep 20: train 0.292 test 0.247
[baseline stbp] ep 25: train 0.336 test 0.237
[baseline stbp] ep 30: train 0.354 test 0.248
[baseline stbp] ep 35: train 0.366 test 0.239
[baseline stbp] ep 39: train 0.371 test 0.250
{
  "config": {
    "epochs": 40,
    "n_train": 9000,
    "res": 12,
    "sizes": [
      144,
      64,
      10
    ],
    "grid_pts": 1001,
    "B": 128,
    "lr": 0.02,
    "w_scale": 0.4,
    "bias_val": 0.2,
    "T_stbp": 160,
    "lr_stbp": 0.01,
    "slope": 6.0,
    "beta": 3.0,
    "seed": 1,
    "init": "pos"
  },
  "dataset": "CIFAR10-DVS",
  "encoding": "abs12, tblocks=1 (ON+OFF counts)",
  "lam": [
    5.0,
    50.0
  ],
  "runs": [
    {
      "mode": "ref",
      "history": [
        {
          "epoch": 0,
          "train_acc": 0.234,
          "test_acc": 0.208
        },
        {
          "epoch": 5,
          "train_acc": 0.284,
          "test_acc": 0.218
        },
        {
          "epoch": 10,
          "train_acc": 0.322,
          "test_acc": 0.213
        },
        {
          "epoch": 15,
          "train_acc": 0.344,
          "test_acc": 0.219
        },
        {
          "epoch": 20,
          "train_acc": 0.373,
          "test_acc": 0.198
        },
        {
          "epoch": 25,
          "train_acc": 0.412,
          "test_acc": 0.206
        },
        {
          "epoch": 30,
          "train_acc": 0.441,
          "test_acc": 0.221
        },
        {
          "epoch": 35,
          "train_acc": 0.44,
          "test_acc": 0.205
        },
        {
          "epoch": 39,
          "train_acc": 0.47,
          "test_acc": 0.204
        }
      ],
      "train_seconds": 4129.653488397598,
      "test_acc": 0.204,
      "synops_per_test": 13520.15625,
      "silent_output_frac": 0.0,
      "silent_hidden_frac": 0.0,
      "config_seed": 1,
      "dvs_encoding": "abs12, tblocks=1"
    },
    {
      "mode": "stbp",
      "history": [
        {
          "epoch": 0,
          "train_acc": 0.156,
          "test_acc": 0.144
        },
        {
          "epoch": 5,
          "train_acc": 0.197,
          "test_acc": 0.191
        },
        {
          "epoch": 10,
          "train_acc": 0.206,
          "test_acc": 0.196
        },
        {
          "epoch": 15,
          "train_acc": 0.268,
          "test_acc": 0.246
        },
        {
          "epoch": 20,
          "train_acc": 0.292,
          "test_acc": 0.247
        },
        {
          "epoch": 25,
          "train_acc": 0.336,
          "test_acc": 0.237
        },
        {
          "epoch": 30,
          "train_acc": 0.354,
          "test_acc": 0.248
        },
        {
          "epoch": 35,
          "train_acc": 0.366,
          "test_acc": 0.239
        },
        {
          "epoch": 39,
          "train_acc": 0.371,
          "test_acc": 0.25
        }
      ],
      "train_seconds": 169.17818307876587,
      "test_acc": 0.25,
      "synops_per_test": 11170.9521484375,
      "timesteps": 160,
      "config_seed": 1,
      "dvs_encoding": "abs12, tblocks=1"
    }
  ]
}
summary:
       ref: test_acc 0.204  SynOps/test 13520  latency 1 event/neuron  68.8 min train
      stbp: test_acc 0.250  SynOps/test 11171  latency T=160  2.8 min train
